
choco@jutnmy-surface MINGW64 ~/Programming/Samurai (main)
$ mkdir git_challenge

choco@jutnmy-surface MINGW64 ~/Programming/Samurai (main)
$ cd git_challenge

choco@jutnmy-surface MINGW64 ~/Programming/Samurai/git_challenge (main)
$ touch hello_world.txt

choco@jutnmy-surface MINGW64 ~/Programming/Samurai/git_challenge (main)
$ echo "Hello, World!" >> hello_world.txt

choco@jutnmy-surface MINGW64 ~/Programming/Samurai/git_challenge (main)
$ cat hello_world.txt
Hello, World!

choco@jutnmy-surface MINGW64 ~/Programming/Samurai/git_challenge (main)
$ git add hello_world.txt
warning: in the working copy of 'git_challenge/hello_world.txt', LF will be replaced by CRLF the next time Git touches it

choco@jutnmy-surface MINGW64 ~/Programming/Samurai/git_challenge (main)
$ git commit -m "hello_world.txtを追加"
[main (root-commit) f0dc6a4] hello_world.txtを追加
 1 file changed, 1 insertion(+)
 create mode 100644 hello_world.txt

choco@jutnmy-surface MINGW64 ~/Programming/Samurai/git_challenge (main)
$ echo "こんにちは、世界！" >> hello_world.txt

choco@jutnmy-surface MINGW64 ~/Programming/Samurai/git_challenge (main)
$ cat hello_world.txt
Hello, World!
こんにちは、世界！

choco@jutnmy-surface MINGW64 ~/Programming/Samurai/git_challenge (main)
$ git add hello_world.txt
warning: in the working copy of 'hello_world.txt', LF will be replaced by CRLF the next time Git touches it

choco@jutnmy-surface MINGW64 ~/Programming/Samurai/git_challenge (main)
$ git commit -m "日本語訳を追記"
[main 5d6fc8b] 日本語訳を追記
 1 file changed, 1 insertion(+)

choco@jutnmy-surface MINGW64 ~/Programming/Samurai/git_challenge (main)
$ git log --oneline
5d6fc8b (HEAD -> main) 日本語訳を追記
f0dc6a4 hello_world.txtを追加

choco@jutnmy-surface MINGW64 ~/Programming/Samurai/git_challenge (main)
$
