choco@jutnmy-surface MINGW64 ~/Programming/Samurai (main)
$ mkdir git_challenge

choco@jutnmy-surface MINGW64 ~/Programming/Samurai (main)
$ cd git_challenge

choco@jutnmy-surface MINGW64 ~/Programming/Samurai/git_challenge (main)
$ git init
Initialized empty Git repository in C:/Users/choco/Programming/Samurai/git_challenge/.git/

choco@jutnmy-surface MINGW64 ~/Programming/Samurai/git_challenge (main)
$ touch hello_world.txt

choco@jutnmy-surface MINGW64 ~/Programming/Samurai/git_challenge (main)
$ git add hello_world.txt

choco@jutnmy-surface MINGW64 ~/Programming/Samurai/git_challenge (main)
$ git commit -m "最初のコミット"
[main (root-commit) 4f2cb14] 最初のコミット
 1 file changed, 1 insertion(+)
 create mode 100644 hello_world.txt

choco@jutnmy-surface MINGW64 ~/Programming/Samurai/git_challenge (main)
$ git status
On branch main
nothing to commit, working tree clean

choco@jutnmy-surface MINGW64 ~/Programming/Samurai/git_challenge (main)
$ git add hello_world.txt

choco@jutnmy-surface MINGW64 ~/Programming/Samurai/git_challenge (main)
$ git commit -m "日本語訳を追記"
[main f97663c] 日本語訳を追記
 1 file changed, 2 insertions(+), 1 deletion(-)

choco@jutnmy-surface MINGW64 ~/Programming/Samurai/git_challenge (main)
$ git status
On branch main
nothing to commit, working tree clean

choco@jutnmy-surface MINGW64 ~/Programming/Samurai/git_challenge (main)
$ git log
commit f97663ca327551f9b62271222e017542e28c87d1 (HEAD -> main)
Author: jutnmy <jutnmyrhodo@gmail.com>
Date:   Wed Apr 23 22:45:31 2025 +0900

    日本語訳を追記

commit 4f2cb1439dfde6bd1be6cb2a3fe324fa8573745b
Author: jutnmy <jutnmyrhodo@gmail.com>
Date:   Wed Apr 23 22:44:00 2025 +0900

    最初のコミット

